// Jest Snapshot v1, https://goo.gl/fbAQLP

exports[`App.vue renders layout to snapshot 1`] = `
<main
  class="t-main"
  id="app"
>
  <header
    class="t-main__header o-main-heading"
  >
    <h1
      class="o-main-heading__title"
    >
      <span>
        colour
      </span>
      <span>
        List
      </span>
    </h1>
  </header>
   
  <filepanel-stub />
   
  <newcolour-stub />
   
  <list-stub />
   
  <output-stub />
   
  <footer
    class="t-main__footer"
  >
    <configform-stub />
  </footer>
</main>
`;
